   Compiling agent-lens-copilot v0.1.0 (/Users/Anbei.Yuan/Desktop/agent-lens/crates/agent-lens-copilot)
    Finished `test` profile [unoptimized + debuginfo] target(s) in 3.27s
     Running unittests src/lib.rs (target/debug/deps/agent_lens_copilot-100caf84c21bdbd6)

running 9 tests
test lock::tests::finds_pid_from_lock_filename ... ok
test lock::tests::pid_99999_is_almost_certainly_dead ... ok
test lock::tests::liveness_reports_stale_for_dead_pid ... ok
test events::tests::parses_full_file ... ok
test workspace::tests::parses_real_workspace_yaml ... ok
test tests::get_detail_works ... ok
test events::tests::second_call_is_idempotent ... ok
test tests::list_sessions_reads_fixtures ... ok
test events::tests::malformed_line_is_skipped ... ok

test result: ok. 9 passed; 0 failed; 0 ignored; 0 measured; 0 filtered out; finished in 0.00s

   Doc-tests agent_lens_copilot

running 0 tests

test result: ok. 0 passed; 0 failed; 0 ignored; 0 measured; 0 filtered out; finished in 0.00s

